mpu9250.c:164:9:MPU_Write_Len	24	static
mpu9250.c:177:9:MPU_Read_Len	24	static
mpu9250.c:104:7:MPU_Get_Temperature	24	static
mpu9250.c:115:9:MPU_Get_Gyroscope	32	static
mpu9250.c:130:9:MPU_Get_Accelerometer	32	static
mpu9250.c:189:9:MPU_Write_Byte	32	static
mpu9250.c:70:9:MPU_Set_Gyro_Fsr	0	static
mpu9250.c:76:9:MPU_Set_Accel_Fsr	0	static
mpu9250.c:81:9:MPU_Set_LPF	0	static
mpu9250.c:93:9:MPU_Set_Rate	16	static
mpu9250.c:143:9:MPU_Get_Magnetometer	40	static
mpu9250.c:198:9:MPU_Read_Byte	32	static
mpu9250.c:28:9:MPU9250_Init	8	static
mpu9250.c:64:9:MPU_trial	0	static
