main.c:133:5:main	8	static
main.c:230:6:SystemClock_Config	72	static
main.c:268:13:MX_TIM1_Init	96	static
main.c:342:13:MX_TIM2_Init	56	static
main.c:391:13:MX_TIM3_Init	56	static
main.c:440:13:MX_TIM8_Init	96	static
main.c:518:13:MX_USART3_UART_Init	8	static
main.c:551:13:MX_GPIO_Init	40	static
main.c:587:6:HAL_UART_RxCpltCallback	16	static
main.c:599:7:substring	24	static
main.c:614:6:driveDistance	72	static
main.c:684:6:turnAngle	80	static
main.c:759:6:StartDefaultTask	16	static
main.c:784:6:show	40	static
main.c:806:6:motor	48	static
main.c:1066:6:Encoder	48	static
main.c:1214:6:servo	16	static
main.c:1279:6:Error_Handler	4	static,ignoring_inline_asm
