stm32f1xx_hal_msp.c:66:6:HAL_MspInit	16	static
stm32f1xx_hal_msp.c:94:6:HAL_I2C_MspInit	32	static
stm32f1xx_hal_msp.c:130:6:HAL_I2C_MspDeInit	8	static
stm32f1xx_hal_msp.c:161:6:HAL_TIM_Base_MspInit	40	static
stm32f1xx_hal_msp.c:206:6:HAL_TIM_Encoder_MspInit	48	static
stm32f1xx_hal_msp.c:264:6:HAL_TIM_MspPostInit	32	static
stm32f1xx_hal_msp.c:296:6:HAL_TIM_Base_MspDeInit	0	static
stm32f1xx_hal_msp.c:336:6:HAL_TIM_Encoder_MspDeInit	8	static
stm32f1xx_hal_msp.c:385:6:HAL_UART_MspInit	32	static
stm32f1xx_hal_msp.c:429:6:HAL_UART_MspDeInit	8	static
